[0.007s][info][gc] Using Serial
[2.920s][info][gc] GC(0) Pause Young (Allocation Failure) 4M->2M(15M) 7.064ms
[3.035s][info][gc] GC(1) Pause Young (Allocation Failure) 6M->2M(15M) 5.504ms
[3.116s][info][gc] GC(2) Pause Young (Allocation Failure) 7M->3M(15M) 4.469ms
[3.259s][info][gc] GC(3) Pause Young (Allocation Failure) 8M->4M(15M) 3.386ms
[3.498s][info][gc] GC(4) Pause Young (Allocation Failure) 8M->5M(15M) 6.455ms
[17.395s][info][gc] GC(5) Pause Young (Allocation Failure) 9M->5M(15M) 3.623ms
[17.408s][info][gc] GC(6) Pause Young (Allocation Failure) 9M->5M(15M) 1.163ms
[17.417s][info][gc] GC(7) Pause Young (Allocation Failure) 9M->5M(15M) 0.368ms
[17.427s][info][gc] GC(8) Pause Young (Allocation Failure) 9M->5M(15M) 0.356ms
[17.437s][info][gc] GC(9) Pause Young (Allocation Failure) 9M->5M(15M) 0.702ms
[17.446s][info][gc] GC(10) Pause Young (Allocation Failure) 9M->5M(15M) 0.348ms
[17.451s][info][gc] GC(11) Pause Young (Allocation Failure) 9M->5M(15M) 0.342ms
[17.455s][info][gc] GC(12) Pause Young (Allocation Failure) 9M->5M(15M) 0.356ms
[17.460s][info][gc] GC(13) Pause Young (Allocation Failure) 9M->5M(15M) 0.583ms
[54.556s][info][gc] GC(14) Pause Young (Allocation Failure) 9M->5M(15M) 1.863ms
[86.424s][info][gc] GC(15) Pause Young (Allocation Failure) 9M->5M(15M) 0.692ms
[86.429s][info][gc] GC(16) Pause Young (Allocation Failure) 9M->5M(15M) 0.599ms
[86.433s][info][gc] GC(17) Pause Young (Allocation Failure) 9M->5M(15M) 0.622ms
[86.437s][info][gc] GC(18) Pause Young (Allocation Failure) 9M->5M(15M) 0.534ms
[86.441s][info][gc] GC(19) Pause Young (Allocation Failure) 9M->5M(15M) 0.669ms
[86.446s][info][gc] GC(20) Pause Young (Allocation Failure) 9M->5M(15M) 0.541ms
[86.449s][info][gc] GC(21) Pause Young (Allocation Failure) 10M->5M(15M) 0.420ms
[86.453s][info][gc] GC(22) Pause Young (Allocation Failure) 9M->5M(15M) 0.413ms
[86.457s][info][gc] GC(23) Pause Young (Allocation Failure) 9M->5M(15M) 0.404ms
[86.461s][info][gc] GC(24) Pause Young (Allocation Failure) 9M->5M(15M) 0.509ms
[86.466s][info][gc] GC(25) Pause Young (Allocation Failure) 10M->5M(15M) 0.503ms
[86.470s][info][gc] GC(26) Pause Young (Allocation Failure) 10M->5M(15M) 0.499ms
[86.474s][info][gc] GC(27) Pause Young (Allocation Failure) 9M->5M(15M) 0.723ms
[86.478s][info][gc] GC(28) Pause Young (Allocation Failure) 10M->5M(15M) 0.508ms
[86.483s][info][gc] GC(29) Pause Young (Allocation Failure) 10M->5M(15M) 0.666ms
[86.487s][info][gc] GC(30) Pause Young (Allocation Failure) 9M->5M(15M) 0.321ms
[86.491s][info][gc] GC(31) Pause Young (Allocation Failure) 9M->5M(15M) 0.329ms
[86.496s][info][gc] GC(32) Pause Young (Allocation Failure) 9M->5M(15M) 0.553ms
[86.500s][info][gc] GC(33) Pause Young (Allocation Failure) 9M->5M(15M) 0.517ms
[86.505s][info][gc] GC(34) Pause Young (Allocation Failure) 9M->5M(15M) 0.535ms
[86.509s][info][gc] GC(35) Pause Young (Allocation Failure) 9M->5M(15M) 0.523ms
[86.513s][info][gc] GC(36) Pause Young (Allocation Failure) 9M->5M(15M) 0.535ms
[86.518s][info][gc] GC(37) Pause Young (Allocation Failure) 9M->5M(15M) 0.546ms
[86.522s][info][gc] GC(38) Pause Young (Allocation Failure) 9M->5M(15M) 0.579ms
[86.527s][info][gc] GC(39) Pause Young (Allocation Failure) 9M->5M(15M) 0.672ms
[86.531s][info][gc] GC(40) Pause Young (Allocation Failure) 9M->5M(15M) 0.694ms
[86.536s][info][gc] GC(41) Pause Young (Allocation Failure) 9M->5M(15M) 0.725ms
[86.540s][info][gc] GC(42) Pause Young (Allocation Failure) 9M->5M(15M) 0.683ms
[86.543s][info][gc] GC(43) Pause Young (Allocation Failure) 9M->5M(15M) 0.329ms
[86.549s][info][gc] GC(44) Pause Young (Allocation Failure) 9M->5M(15M) 0.328ms
[86.553s][info][gc] GC(45) Pause Young (Allocation Failure) 9M->5M(15M) 0.691ms
[86.556s][info][gc] GC(46) Pause Young (Allocation Failure) 9M->5M(15M) 0.421ms
[86.558s][info][gc] GC(47) Pause Young (Allocation Failure) 9M->5M(15M) 0.379ms
[86.561s][info][gc] GC(48) Pause Young (Allocation Failure) 10M->5M(15M) 0.315ms
[86.564s][info][gc] GC(49) Pause Young (Allocation Failure) 10M->5M(15M) 0.314ms
[86.567s][info][gc] GC(50) Pause Young (Allocation Failure) 10M->5M(15M) 0.298ms
[86.570s][info][gc] GC(51) Pause Young (Allocation Failure) 9M->5M(15M) 0.304ms
[86.573s][info][gc] GC(52) Pause Young (Allocation Failure) 10M->5M(15M) 0.305ms
[86.576s][info][gc] GC(53) Pause Young (Allocation Failure) 10M->5M(15M) 0.273ms
[86.578s][info][gc] GC(54) Pause Young (Allocation Failure) 10M->5M(15M) 0.266ms
[86.581s][info][gc] GC(55) Pause Young (Allocation Failure) 9M->5M(15M) 0.303ms
[86.584s][info][gc] GC(56) Pause Young (Allocation Failure) 10M->5M(15M) 0.639ms
[86.588s][info][gc] GC(57) Pause Young (Allocation Failure) 10M->5M(15M) 0.691ms
[86.591s][info][gc] GC(58) Pause Young (Allocation Failure) 10M->5M(15M) 0.653ms
[86.594s][info][gc] GC(59) Pause Young (Allocation Failure) 10M->5M(15M) 0.274ms
[86.597s][info][gc] GC(60) Pause Young (Allocation Failure) 9M->5M(15M) 0.609ms
[86.600s][info][gc] GC(61) Pause Young (Allocation Failure) 10M->5M(15M) 0.669ms
[86.603s][info][gc] GC(62) Pause Young (Allocation Failure) 10M->5M(15M) 0.289ms
[86.606s][info][gc] GC(63) Pause Young (Allocation Failure) 10M->5M(15M) 0.267ms
[86.609s][info][gc] GC(64) Pause Young (Allocation Failure) 10M->5M(15M) 0.271ms
[86.612s][info][gc] GC(65) Pause Young (Allocation Failure) 10M->5M(15M) 0.275ms
[86.614s][info][gc] GC(66) Pause Young (Allocation Failure) 10M->5M(15M) 0.300ms
[86.617s][info][gc] GC(67) Pause Young (Allocation Failure) 10M->5M(15M) 0.292ms
[86.620s][info][gc] GC(68) Pause Young (Allocation Failure) 10M->5M(15M) 0.307ms
[86.623s][info][gc] GC(69) Pause Young (Allocation Failure) 10M->5M(15M) 0.390ms
[86.626s][info][gc] GC(70) Pause Young (Allocation Failure) 10M->5M(15M) 0.301ms
[86.629s][info][gc] GC(71) Pause Young (Allocation Failure) 10M->5M(15M) 0.314ms
[86.632s][info][gc] GC(72) Pause Young (Allocation Failure) 10M->5M(15M) 0.323ms
[86.635s][info][gc] GC(73) Pause Young (Allocation Failure) 10M->5M(15M) 0.306ms
[86.638s][info][gc] GC(74) Pause Young (Allocation Failure) 10M->5M(15M) 0.287ms
[86.641s][info][gc] GC(75) Pause Young (Allocation Failure) 10M->5M(15M) 0.271ms
[86.644s][info][gc] GC(76) Pause Young (Allocation Failure) 10M->5M(15M) 0.290ms
[86.647s][info][gc] GC(77) Pause Young (Allocation Failure) 10M->5M(15M) 0.570ms
[86.650s][info][gc] GC(78) Pause Young (Allocation Failure) 10M->5M(15M) 0.314ms
[86.653s][info][gc] GC(79) Pause Young (Allocation Failure) 10M->5M(15M) 0.331ms
[86.655s][info][gc] GC(80) Pause Young (Allocation Failure) 10M->5M(15M) 0.328ms
[86.658s][info][gc] GC(81) Pause Young (Allocation Failure) 10M->5M(15M) 0.358ms
[86.661s][info][gc] GC(82) Pause Young (Allocation Failure) 10M->5M(15M) 0.321ms
[86.664s][info][gc] GC(83) Pause Young (Allocation Failure) 10M->5M(15M) 0.519ms
[86.667s][info][gc] GC(84) Pause Young (Allocation Failure) 10M->5M(15M) 0.437ms
[86.670s][info][gc] GC(85) Pause Young (Allocation Failure) 10M->5M(15M) 0.321ms
[86.673s][info][gc] GC(86) Pause Young (Allocation Failure) 10M->5M(15M) 0.532ms
[86.676s][info][gc] GC(87) Pause Young (Allocation Failure) 10M->5M(15M) 0.296ms
[86.679s][info][gc] GC(88) Pause Young (Allocation Failure) 10M->5M(15M) 0.292ms
[86.682s][info][gc] GC(89) Pause Young (Allocation Failure) 10M->5M(15M) 0.407ms
[86.684s][info][gc] GC(90) Pause Young (Allocation Failure) 10M->5M(15M) 0.302ms
[86.687s][info][gc] GC(91) Pause Young (Allocation Failure) 10M->5M(15M) 0.304ms
[86.690s][info][gc] GC(92) Pause Young (Allocation Failure) 10M->5M(15M) 0.405ms
[86.693s][info][gc] GC(93) Pause Young (Allocation Failure) 10M->5M(15M) 0.297ms
[86.696s][info][gc] GC(94) Pause Young (Allocation Failure) 10M->5M(15M) 0.339ms
[86.699s][info][gc] GC(95) Pause Young (Allocation Failure) 10M->5M(15M) 0.314ms
[86.701s][info][gc] GC(96) Pause Young (Allocation Failure) 10M->5M(15M) 0.323ms
[86.704s][info][gc] GC(97) Pause Young (Allocation Failure) 10M->5M(15M) 0.309ms
[86.707s][info][gc] GC(98) Pause Young (Allocation Failure) 10M->5M(15M) 0.697ms
